// Jest Snapshot v1, https://goo.gl/fbAQLP

exports[`should render display component with supplied catchphrases 1`] = `
<div>
  <div>
    <p>
      yum
    </p>
    <p>
      bark
    </p>
    <p>
      hhey
    </p>
  </div>
</div>
`;
